Microsoft Windows [Version 10.0.22621.3007]
(c) Microsoft Corporation. All rights reserved.

D:\JustForEndModule>git clone "https://github.com/Vishverwasma/OS-EndModule.git"
Cloning into 'OS-EndModule'...
remote: Enumerating objects: 3, done.
remote: Counting objects: 100% (3/3), done.
remote: Total 3 (delta 0), reused 0 (delta 0), pack-reused 0
Receiving objects: 100% (3/3), done.

D:\JustForEndModule>git init
Initialized empty Git repository in D:/JustForEndModule/.git/

D:\JustForEndModule>cd OS-EndModule

D:\JustForEndModule\OS-EndModule>git status
On branch master
Your branch is up to date with 'origin/master'.

Untracked files:
  (use "git add <file>..." to include in what will be committed)
        Hi.txt

nothing added to commit but untracked files present (use "git add" to track)

D:\JustForEndModule\OS-EndModule>git add "Hi.txt"

D:\JustForEndModule\OS-EndModule>git commit -m "This was Pushed @8:47 to the End Module Repository in Git Hub From Local Repository !"
[master 43043b7] This was Pushed @8:47 to the End Module Repository in Git Hub From Local Repository !
 1 file changed, 1 insertion(+)
 create mode 100644 Hi.txt

D:\JustForEndModule\OS-EndModule>git push
Enumerating objects: 4, done.
Counting objects: 100% (4/4), done.
Delta compression using up to 16 threads
Compressing objects: 100% (3/3), done.
Writing objects: 100% (3/3), 442 bytes | 442.00 KiB/s, done.
Total 3 (delta 0), reused 0 (delta 0), pack-reused 0
To https://github.com/Vishverwasma/OS-EndModule.git
   3c44727..43043b7  master -> master

D:\JustForEndModule\OS-EndModule>git status
On branch master
Your branch is up to date with 'origin/master'.

nothing to commit, working tree clean

D:\JustForEndModule\OS-EndModule>git pull "Hi.txt"
fatal: invalid gitfile format: Hi.txt
fatal: Could not read from remote repository.

Please make sure you have the correct access rights
and the repository exists.

D:\JustForEndModule\OS-EndModule>git  pull
Already up to date.

D:\JustForEndModule\OS-EndModule>git pull
Already up to date.

D:\JustForEndModule\OS-EndModule>git pull .
From .
 * branch            HEAD       -> FETCH_HEAD
Already up to date.

D:\JustForEndModule\OS-EndModule>
